IMU.cpp:10:1:IMU::IMU()	16	static
IMU.cpp:16:1:IMU::~IMU()	16	static
IMU.cpp:16:1:virtual IMU::~IMU()	16	static
IMU.cpp:26:6:void IMU::ReadReg(SPI_HandleTypeDef*, uint8_t, uint8_t*, GPIO_TypeDef*, uint8_t)	24	static
IMU.cpp:42:6:void IMU::WriteReg(SPI_HandleTypeDef*, uint8_t, uint8_t, GPIO_TypeDef*, uint8_t)	24	static
IMU.cpp:52:9:uint8_t IMU::SPIx_WriteRead(uint8_t)	32	static
IMU.cpp:62:6:void IMU::TransmitReceive(SPI_HandleTypeDef*, uint8_t*, uint8_t, GPIO_TypeDef*, uint8_t, uint8_t)	24	static
IMU.cpp:77:6:void IMU::LIS3MDL_Init(SPI_HandleTypeDef*, uint8_t)	40	static
IMU.cpp:96:9:uint8_t IMU::MPU_begin(SPI_HandleTypeDef*)	32	static
IMU.cpp:129:6:void IMU::MPU_SPI_Write(uint8_t*, uint8_t, uint16_t)	24	static
IMU.cpp:142:6:void IMU::MPU6500_SetDLPFBandwidth(IMU::DLPFBandwidth)	24	static
IMU.cpp:154:6:void IMU::MPU_writeAccFullScaleRange(uint8_t)	32	static
IMU.cpp:197:6:void IMU::MPU_writeGyroFullScaleRange(uint8_t)	32	static
IMU.cpp:232:6:void IMU::IMU_Setup()	24	static
IMU.cpp:250:9:uint8_t IMU::MPU6500_ReadReg(SPI_HandleTypeDef*, uint8_t)	32	static
IMU.cpp:265:9:uint8_t LIS3MDL_ReadReg(SPI_HandleTypeDef*, uint8_t)	24	static
IMU.cpp:275:6:void IMU::HouseKeeping()	16	static
