stm32f4xx_it.c:79:6:NMI_Handler	4	static
stm32f4xx_it.c:94:6:HardFault_Handler	4	static
stm32f4xx_it.c:109:6:MemManage_Handler	4	static
stm32f4xx_it.c:124:6:BusFault_Handler	4	static
stm32f4xx_it.c:139:6:UsageFault_Handler	4	static
stm32f4xx_it.c:154:6:SVC_Handler	4	static
stm32f4xx_it.c:167:6:DebugMon_Handler	4	static
stm32f4xx_it.c:180:6:PendSV_Handler	4	static
stm32f4xx_it.c:193:6:SysTick_Handler	8	static
stm32f4xx_it.c:214:6:RCC_IRQHandler	4	static
stm32f4xx_it.c:227:6:TIM1_TRG_COM_TIM11_IRQHandler	8	static
stm32f4xx_it.c:241:6:USART1_IRQHandler	8	static
stm32f4xx_it.c:255:6:SPI3_IRQHandler	8	static
stm32f4xx_it.c:269:6:UART4_IRQHandler	8	static
stm32f4xx_it.c:283:6:TIM6_DAC_IRQHandler	8	static
stm32f4xx_it.c:297:6:TIM7_IRQHandler	8	static
stm32f4xx_it.c:311:6:USART6_IRQHandler	8	static
stm32f4xx_it.c:325:6:UART7_IRQHandler	8	static
stm32f4xx_it.c:339:6:UART8_IRQHandler	8	static
stm32f4xx_it.c:353:6:SPI5_IRQHandler	8	static
