MEMORYADDRESSING.cpp:10:1:MEMORY_ADDRESSING::MEMORY_ADDRESSING()	16	static
MEMORYADDRESSING.cpp:16:1:MEMORY_ADDRESSING::~MEMORY_ADDRESSING()	16	static
MEMORYADDRESSING.cpp:16:1:virtual MEMORY_ADDRESSING::~MEMORY_ADDRESSING()	16	static
MEMORYADDRESSING.cpp:30:6:void MEMORY_ADDRESSING::TOGGLE_CS_PIN(GPIO_TypeDef*, uint8_t, uint8_t)	24	static
MEMORYADDRESSING.cpp:44:6:void MEMORY_ADDRESSING::MUX_ENABLE(GPIO_TypeDef*, uint8_t)	24	static
MEMORYADDRESSING.cpp:54:6:void MEMORY_ADDRESSING::MUX_DISABLE(GPIO_TypeDef*, uint8_t)	24	static
MEMORYADDRESSING.cpp:66:6:void MEMORY_ADDRESSING::SPI_TRANSMIT(SPI_HandleTypeDef*, uint8_t, GPIO_TypeDef*, uint8_t)	24	static
MEMORYADDRESSING.cpp:79:6:void MEMORY_ADDRESSING::SPI_RECEIVE(SPI_HandleTypeDef*, uint8_t, uint8_t*, GPIO_TypeDef*, uint8_t)	24	static
MEMORYADDRESSING.cpp:92:6:void MEMORY_ADDRESSING::SPI_TRANSMITRECEIVE(SPI_HandleTypeDef*, uint8_t, uint8_t*, GPIO_TypeDef*, uint8_t)	40	static
MEMORYADDRESSING.cpp:105:6:void MEMORY_ADDRESSING::get_current_address(SPI_HandleTypeDef*, uint8_t)	48	static
MEMORYADDRESSING.cpp:156:9:uint8_t MEMORY_ADDRESSING::CHECK_DATA_CONSISTENCY_FM(uint8_t, uint8_t)	24	static
MEMORYADDRESSING.cpp:175:6:void MEMORY_ADDRESSING::CHECK_EACH_ADDRESS_CONSISTENCY()	40	static
MEMORYADDRESSING.cpp:200:6:void MEMORY_ADDRESSING::TRANSFER_DATA_BETWEEN_FM(uint8_t, uint32_t, uint32_t)	40	static
MEMORYADDRESSING.cpp:231:6:void MEMORY_ADDRESSING::SAVE_SAT_LOG()	16	static
MEMORYADDRESSING.cpp:241:6:void MEMORY_ADDRESSING::SAVE_FLAG_STATUS()	16	static
MEMORYADDRESSING.cpp:248:6:void MEMORY_ADDRESSING::SAVE_COM_DATA()	16	static
MEMORYADDRESSING.cpp:256:6:void MEMORY_ADDRESSING::SAVE_MSN1_DATA()	16	static
MEMORYADDRESSING.cpp:262:6:void MEMORY_ADDRESSING::SAVE_MSN2_DATA()	16	static
MEMORYADDRESSING.cpp:269:6:void MEMORY_ADDRESSING::SAVE_MSN3_DATA()	16	static
MEMORYADDRESSING.cpp:276:6:void MEMORY_ADDRESSING::SAVE_MSN4_DATA()	16	static
MEMORYADDRESSING.cpp:313:6:void MEMORY_ADDRESSING::READ_FM_DATA(SPI_HandleTypeDef*, uint32_t, uint8_t*, uint16_t)	24	static
